[{"channel":null,"url":"http://51.15.246.58:8081/daawahtv/daawahtv2/playlist.m3u8","referrer":null,"user_agent":null},{"channel":null,"url":"http://1111296894.rsc.cdn77.org/LS-ATL-54548-6/index2.m3u8","referrer":"http://imn.iq","user_agent":"Mozilla/5.0 (iPhone; CPU iPhone OS 12_2 like Mac OS X) AppleWebKit/605.1.15 (KHTML, like Gecko) Mobile/15E148"},{"channel":"AndorraTV.ad","url":"https://iptv-all.lanesh4d0w.repl.co/andorra/atv","referrer":null,"user_agent":null},{"channel":"BBCNews.uk","url":"http://1111296894.rsc.cdn77.org/LS-ATL-54548-6/index.m3u8","referrer":null,"user_agent":null},{"channel":"LDPRTV.ru","url":"http://46.46.143.222:1935/live/mp4:ldpr.stream/blocked.m3u8","referrer":null,"user_agent":null},{"channel":"MeteoMedia.ca","url":"http://encodercdn1.frontline.ca/encoder181/output/Meteo_Media_720p/playlist.m3u8","referrer":null,"user_agent":null},{"channel":"VisitXTV.nl","url":"https://stream.visit-x.tv/vxtv/ngrp:live_all/30fps.m3u8","referrer":null,"user_agent":null},{"channel":"Zoo.ad","url":"https://iptv-all.lanesh4d0w.repl.co/andorra/zoo","referrer":null,"user_agent":null}]